src/app/(app)/[module]/parties/[id]/page.tsx(132,23): error TS2339: Property 'industryPaperMillId' does not exist on type 'PartyDetail'.
src/app/(app)/[module]/parties/[id]/page.tsx(134,47): error TS2339: Property 'industryPaperMillId' does not exist on type 'PartyDetail'.
src/app/(app)/[module]/parties/[id]/page.tsx(158,58): error TS2322: Type 'MeetingRow[]' is not assignable to type 'PartyMeeting[]'.
  Type 'MeetingRow' is missing the following properties from type 'PartyMeeting': partyId, engagementId, meetingType, aiSummary, and 10 more.
src/app/(app)/[module]/parties/page.tsx(117,29): error TS2339: Property 'country' does not exist on type '{ include_stubs?: string | undefined; sort?: string | undefined; page?: string | undefined; perPage?: string | undefined; q?: string | undefined; }'.
src/app/(app)/[module]/parties/page.tsx(382,13): error TS4104: The type 'readonly [25, 50, 100, 200]' is 'readonly' and cannot be assigned to the mutable type 'number[]'.
src/app/(app)/calendar/page.tsx(225,11): error TS2322: Type '(start: string, end: string) => Promise<void>' is not assignable to type '(start: Date, end: Date) => void'.
  Types of parameters 'start' and 'start' are incompatible.
    Type 'Date' is not assignable to type 'string'.
src/app/(app)/settings/pipelines/page.tsx(54,5): error TS2532: Object is possibly 'undefined'.
src/app/(app)/settings/pipelines/PipelinesAdminClient.tsx(98,37): error TS2532: Object is possibly 'undefined'.
src/app/actions/calendar-sync.ts(24,52): error TS2769: No overload matches this call.
  Overload 1 of 4, '(arrayBuffer: WithImplicitCoercion<ArrayBufferLike>, byteOffset?: number | undefined, length?: number | undefined): Buffer<ArrayBufferLike>', gave the following error.
    Argument of type 'string | undefined' is not assignable to parameter of type 'WithImplicitCoercion<ArrayBufferLike>'.
      Type 'undefined' is not assignable to type 'WithImplicitCoercion<ArrayBufferLike>'.
  Overload 2 of 4, '(string: WithImplicitCoercion<string>, encoding?: BufferEncoding | undefined): Buffer<ArrayBuffer>', gave the following error.
    Argument of type 'string | undefined' is not assignable to parameter of type 'WithImplicitCoercion<string>'.
      Type 'undefined' is not assignable to type 'WithImplicitCoercion<string>'.
src/app/actions/calendar-sync.ts(58,50): error TS2769: No overload matches this call.
  Overload 1 of 4, '(arrayBuffer: WithImplicitCoercion<ArrayBufferLike>, byteOffset?: number | undefined, length?: number | undefined): Buffer<ArrayBufferLike>', gave the following error.
    Argument of type 'string | undefined' is not assignable to parameter of type 'WithImplicitCoercion<ArrayBufferLike>'.
      Type 'undefined' is not assignable to type 'WithImplicitCoercion<ArrayBufferLike>'.
  Overload 2 of 4, '(string: WithImplicitCoercion<string>, encoding?: BufferEncoding | undefined): Buffer<ArrayBuffer>', gave the following error.
    Argument of type 'string | undefined' is not assignable to parameter of type 'WithImplicitCoercion<string>'.
      Type 'undefined' is not assignable to type 'WithImplicitCoercion<string>'.
src/app/actions/calendar-sync.ts(78,10): error TS2352: Conversion of type 'GenericStringError[]' to type 'ConnectionSummary[]' may be a mistake because neither type sufficiently overlaps with the other. If this was intentional, convert the expression to 'unknown' first.
  Type '{ error: true; } & String' is missing the following properties from type 'ConnectionSummary': id, provider, account_email, account_name, and 5 more.
src/app/actions/delete-communication.ts(82,19): error TS2769: No overload matches this call.
  Overload 1 of 4, '(arrayBuffer: WithImplicitCoercion<ArrayBufferLike>, byteOffset?: number | undefined, length?: number | undefined): Buffer<ArrayBufferLike>', gave the following error.
    Argument of type 'string | undefined' is not assignable to parameter of type 'WithImplicitCoercion<ArrayBufferLike>'.
      Type 'undefined' is not assignable to type 'WithImplicitCoercion<ArrayBufferLike>'.
  Overload 2 of 4, '(string: WithImplicitCoercion<string>, encoding?: BufferEncoding | undefined): Buffer<ArrayBuffer>', gave the following error.
    Argument of type 'string | undefined' is not assignable to parameter of type 'WithImplicitCoercion<string>'.
      Type 'undefined' is not assignable to type 'WithImplicitCoercion<string>'.
src/app/api/calendar/google/callback/route.ts(35,13): error TS2345: Argument of type 'string | undefined' is not assignable to parameter of type 'BinaryLike'.
  Type 'undefined' is not assignable to type 'BinaryLike'.
src/app/api/communications/classify/route.ts(17,10): error TS2305: Module '"@/lib/actions/email-compose"' has no exported member 'classifyInboundEmail'.
src/app/api/sequences/process/route.ts(14,10): error TS2724: '"@/lib/utils/sequence-processor"' has no exported member named 'processSequences'. Did you mean 'processSequence'?
src/app/api/track/open/[token]/route.ts(33,6): error TS2339: Property 'catch' does not exist on type 'PromiseLike<void>'.
src/components/calendar/calendar-event-chip.tsx(42,5): error TS2322: Type 'string | undefined' is not assignable to type 'string'.
  Type 'undefined' is not assignable to type 'string'.
src/components/calendar/calendar-view.tsx(124,19): error TS2322: Type '(e: any) => void' is not assignable to type '() => void'.
  Target signature provides too few arguments. Expected 1 or more, but got 0.
src/components/calendar/calendar-view.tsx(124,28): error TS7006: Parameter 'e' implicitly has an 'any' type.
src/components/layout/topbar-search-input.tsx(27,40): error TS2345: Argument of type 'string | undefined' is not assignable to parameter of type 'string'.
  Type 'undefined' is not assignable to type 'string'.
src/components/parties/country-peers-panel.tsx(56,7): error TS2322: Type 'string' is not assignable to type '"paper_mill" | "filler"'.
src/components/parties/party-communications-timeline.tsx(217,21): error TS2322: Type 'CommunicationTimelineItem | undefined' is not assignable to type 'CommunicationTimelineItem'.
  Type 'undefined' is not assignable to type 'CommunicationTimelineItem'.
src/components/parties/party-communications-timeline.tsx(236,14): error TS18048: 'firstItem' is possibly 'undefined'.
src/components/parties/party-communications-timeline.tsx(240,25): error TS18048: 'latest' is possibly 'undefined'.
src/components/parties/party-communications-timeline.tsx(243,35): error TS18048: 'latest' is possibly 'undefined'.
src/components/parties/party-communications-timeline.tsx(536,82): error TS18048: 'meta' is possibly 'undefined'.
src/components/parties/party-communications-timeline.tsx(536,93): error TS18048: 'meta' is possibly 'undefined'.
src/components/parties/party-communications-timeline.tsx(539,14): error TS18048: 'meta' is possibly 'undefined'.
src/components/parties/party-supply-links-panel.tsx(123,106): error TS18048: 'typeInfo' is possibly 'undefined'.
src/components/parties/party-supply-links-panel.tsx(124,26): error TS18048: 'typeInfo' is possibly 'undefined'.
src/components/settings/quick-campaign-dialog.tsx(361,40): error TS18047: 'preview' is possibly 'null'.
src/components/settings/quick-campaign-dialog.tsx(364,65): error TS18047: 'preview' is possibly 'null'.
src/components/settings/sequence-form-dialog.tsx(66,8): error TS2322: Type 'StepDraft | undefined' is not assignable to type 'StepDraft'.
  Type 'undefined' is not assignable to type 'StepDraft'.
src/components/settings/sequence-form-dialog.tsx(66,20): error TS2322: Type 'StepDraft | undefined' is not assignable to type 'StepDraft'.
  Type 'undefined' is not assignable to type 'StepDraft'.
src/lib/calendar/sync-engine.ts(259,21): error TS18048: 'conn' is possibly 'undefined'.
src/lib/calendar/sync-engine.ts(264,21): error TS18048: 'conn' is possibly 'undefined'.
src/lib/calendar/sync-engine.ts(265,21): error TS18048: 'conn' is possibly 'undefined'.
src/lib/calendar/sync-engine.ts(266,21): error TS18048: 'conn' is possibly 'undefined'.
src/lib/rpc/typed-rpc.ts(22,31): error TS2306: File 'C:/dev/mbg-project/src/types/database.ts' is not a module.
src/lib/supabase/admin.ts(19,31): error TS2306: File 'C:/dev/mbg-project/src/types/database.ts' is not a module.
src/lib/supabase/client.ts(15,31): error TS2306: File 'C:/dev/mbg-project/src/types/database.ts' is not a module.
src/lib/supabase/middleware.ts(14,31): error TS2306: File 'C:/dev/mbg-project/src/types/database.ts' is not a module.
src/lib/supabase/server.ts(16,31): error TS2306: File 'C:/dev/mbg-project/src/types/database.ts' is not a module.
src/lib/utils/email-tracking.ts(27,17): error TS2345: Argument of type 'string | undefined' is not assignable to parameter of type 'string'.
  Type 'undefined' is not assignable to type 'string'.
src/lib/utils/email-tracking.ts(28,8): error TS18048: 'url' is possibly 'undefined'.
src/lib/utils/email-tracking.ts(28,37): error TS18048: 'url' is possibly 'undefined'.
src/lib/utils/email-tracking.ts(29,8): error TS18048: 'url' is possibly 'undefined'.
src/lib/utils/email-tracking.ts(31,16): error TS2345: Argument of type 'string | undefined' is not assignable to parameter of type 'string'.
  Type 'undefined' is not assignable to type 'string'.
src/lib/utils/email-tracking.ts(32,20): error TS2345: Argument of type 'string | undefined' is not assignable to parameter of type 'string'.
  Type 'undefined' is not assignable to type 'string'.
src/lib/utils/merge-fields.ts(39,13): error TS2345: Argument of type 'string | undefined' is not assignable to parameter of type 'string'.
  Type 'undefined' is not assignable to type 'string'.
src/lib/utils/sequence-processor.ts(50,46): error TS2554: Expected 3 arguments, but got 2.
src/lib/utils/sequence-processor.ts(92,69): error TS2345: Argument of type '{ contact: { given_name: string; family_name: string; email: string; }; party: { name: string; }; }' is not assignable to parameter of type 'MergeFieldValues'.
  Property 'contact' is incompatible with index signature.
    Type '{ given_name: string; family_name: string; email: string; }' is not assignable to type 'string | number | null | undefined'.
src/lib/utils/sequence-processor.ts(93,63): error TS2345: Argument of type '{ contact: { given_name: string; family_name: string; email: string; }; party: { name: string; }; }' is not assignable to parameter of type 'MergeFieldValues'.
  Property 'contact' is incompatible with index signature.
    Type '{ given_name: string; family_name: string; email: string; }' is not assignable to type 'string | number | null | undefined'.
src/lib/utils/sequence-processor.ts(97,59): error TS2345: Argument of type '{ contact: { given_name: string; family_name: string; email: string; }; party: { name: string; }; }' is not assignable to parameter of type 'MergeFieldValues'.
  Property 'contact' is incompatible with index signature.
    Type '{ given_name: string; family_name: string; email: string; }' is not assignable to type 'string | number | null | undefined'.
