src/app/(app)/[module]/parties/[id]/page.tsx(132,23): error TS2339: Property 'industryPaperMillId' does not exist on type 'PartyDetail'.
src/app/(app)/[module]/parties/[id]/page.tsx(134,47): error TS2339: Property 'industryPaperMillId' does not exist on type 'PartyDetail'.
src/app/(app)/[module]/parties/[id]/page.tsx(158,58): error TS2322: Type 'MeetingRow[]' is not assignable to type 'PartyMeeting[]'.
  Type 'MeetingRow' is missing the following properties from type 'PartyMeeting': partyId, engagementId, meetingType, aiSummary, and 10 more.
src/app/(app)/[module]/parties/page.tsx(117,29): error TS2339: Property 'country' does not exist on type '{ include_stubs?: string | undefined; sort?: string | undefined; page?: string | undefined; perPage?: string | undefined; q?: string | undefined; }'.
src/app/(app)/[module]/parties/page.tsx(382,13): error TS4104: The type 'readonly [25, 50, 100, 200]' is 'readonly' and cannot be assigned to the mutable type 'number[]'.
src/app/(app)/calendar/page.tsx(225,11): error TS2322: Type '(start: string, end: string) => Promise<void>' is not assignable to type '(start: Date, end: Date) => void'.
  Types of parameters 'start' and 'start' are incompatible.
    Type 'Date' is not assignable to type 'string'.
src/app/(app)/settings/pipelines/page.tsx(54,5): error TS2532: Object is possibly 'undefined'.
src/app/(app)/settings/pipelines/PipelinesAdminClient.tsx(98,37): error TS2532: Object is possibly 'undefined'.
src/app/actions/calendar-sync.ts(24,52): error TS2769: No overload matches this call.
  Overload 1 of 4, '(arrayBuffer: WithImplicitCoercion<ArrayBufferLike>, byteOffset?: number | undefined, length?: number | undefined): Buffer<ArrayBufferLike>', gave the following error.
    Argument of type 'string | undefined' is not assignable to parameter of type 'WithImplicitCoercion<ArrayBufferLike>'.
      Type 'undefined' is not assignable to type 'WithImplicitCoercion<ArrayBufferLike>'.
  Overload 2 of 4, '(string: WithImplicitCoercion<string>, encoding?: BufferEncoding | undefined): Buffer<ArrayBuffer>', gave the following error.
    Argument of type 'string | undefined' is not assignable to parameter of type 'WithImplicitCoercion<string>'.
      Type 'undefined' is not assignable to type 'WithImplicitCoercion<string>'.
src/app/actions/calendar-sync.ts(58,50): error TS2769: No overload matches this call.
  Overload 1 of 4, '(arrayBuffer: WithImplicitCoercion<ArrayBufferLike>, byteOffset?: number | undefined, length?: number | undefined): Buffer<ArrayBufferLike>', gave the following error.
    Argument of type 'string | undefined' is not assignable to parameter of type 'WithImplicitCoercion<ArrayBufferLike>'.
      Type 'undefined' is not assignable to type 'WithImplicitCoercion<ArrayBufferLike>'.
  Overload 2 of 4, '(string: WithImplicitCoercion<string>, encoding?: BufferEncoding | undefined): Buffer<ArrayBuffer>', gave the following error.
    Argument of type 'string | undefined' is not assignable to parameter of type 'WithImplicitCoercion<string>'.
      Type 'undefined' is not assignable to type 'WithImplicitCoercion<string>'.
src/app/actions/calendar-sync.ts(78,10): error TS2352: Conversion of type 'GenericStringError[]' to type 'ConnectionSummary[]' may be a mistake because neither type sufficiently overlaps with the other. If this was intentional, convert the expression to 'unknown' first.
  Type '{ error: true; } & String' is missing the following properties from type 'ConnectionSummary': id, provider, account_email, account_name, and 5 more.
src/app/actions/delete-communication.ts(82,19): error TS2769: No overload matches this call.
  Overload 1 of 4, '(arrayBuffer: WithImplicitCoercion<ArrayBufferLike>, byteOffset?: number | undefined, length?: number | undefined): Buffer<ArrayBufferLike>', gave the following error.
    Argument of type 'string | undefined' is not assignable to parameter of type 'WithImplicitCoercion<ArrayBufferLike>'.
      Type 'undefined' is not assignable to type 'WithImplicitCoercion<ArrayBufferLike>'.
  Overload 2 of 4, '(string: WithImplicitCoercion<string>, encoding?: BufferEncoding | undefined): Buffer<ArrayBuffer>', gave the following error.
    Argument of type 'string | undefined' is not assignable to parameter of type 'WithImplicitCoercion<string>'.
      Type 'undefined' is not assignable to type 'WithImplicitCoercion<string>'.
src/app/actions/party.ts(86,7): error TS2353: Object literal may only specify known properties, and 'organization_id' does not exist in type 'never[]'.
src/app/actions/party.ts(148,13): error TS2345: Argument of type 'Record<string, unknown>' is not assignable to parameter of type 'never'.
src/app/actions/party.ts(222,7): error TS2353: Object literal may only specify known properties, and 'organization_id' does not exist in type 'never[]'.
src/app/actions/party.ts(283,7): error TS2353: Object literal may only specify known properties, and 'organization_id' does not exist in type 'never[]'.
src/app/api/calendar/google/callback/route.ts(35,13): error TS2345: Argument of type 'string | undefined' is not assignable to parameter of type 'BinaryLike'.
  Type 'undefined' is not assignable to type 'BinaryLike'.
src/app/api/communications/classify/route.ts(17,10): error TS2305: Module '"@/lib/actions/email-compose"' has no exported member 'classifyInboundEmail'.
src/app/api/sequences/process/route.ts(14,10): error TS2724: '"@/lib/utils/sequence-processor"' has no exported member named 'processSequences'. Did you mean 'processSequence'?
src/app/api/track/open/[token]/route.ts(33,6): error TS2339: Property 'catch' does not exist on type 'PromiseLike<void>'.
src/components/calendar/calendar-event-chip.tsx(42,5): error TS2322: Type 'string | undefined' is not assignable to type 'string'.
  Type 'undefined' is not assignable to type 'string'.
src/components/calendar/calendar-view.tsx(124,19): error TS2322: Type '(e: any) => void' is not assignable to type '() => void'.
  Target signature provides too few arguments. Expected 1 or more, but got 0.
src/components/calendar/calendar-view.tsx(124,28): error TS7006: Parameter 'e' implicitly has an 'any' type.
src/components/layout/topbar-search-input.tsx(27,40): error TS2345: Argument of type 'string | undefined' is not assignable to parameter of type 'string'.
  Type 'undefined' is not assignable to type 'string'.
src/components/parties/country-peers-panel.tsx(56,7): error TS2322: Type 'string' is not assignable to type '"paper_mill" | "filler"'.
src/components/parties/party-communications-timeline.tsx(217,21): error TS2322: Type 'CommunicationTimelineItem | undefined' is not assignable to type 'CommunicationTimelineItem'.
  Type 'undefined' is not assignable to type 'CommunicationTimelineItem'.
src/components/parties/party-communications-timeline.tsx(236,14): error TS18048: 'firstItem' is possibly 'undefined'.
src/components/parties/party-communications-timeline.tsx(240,25): error TS18048: 'latest' is possibly 'undefined'.
src/components/parties/party-communications-timeline.tsx(243,35): error TS18048: 'latest' is possibly 'undefined'.
src/components/parties/party-communications-timeline.tsx(536,82): error TS18048: 'meta' is possibly 'undefined'.
src/components/parties/party-communications-timeline.tsx(536,93): error TS18048: 'meta' is possibly 'undefined'.
src/components/parties/party-communications-timeline.tsx(539,14): error TS18048: 'meta' is possibly 'undefined'.
src/components/parties/party-supply-links-panel.tsx(123,106): error TS18048: 'typeInfo' is possibly 'undefined'.
src/components/parties/party-supply-links-panel.tsx(124,26): error TS18048: 'typeInfo' is possibly 'undefined'.
src/components/settings/quick-campaign-dialog.tsx(361,40): error TS18047: 'preview' is possibly 'null'.
src/components/settings/quick-campaign-dialog.tsx(364,65): error TS18047: 'preview' is possibly 'null'.
src/components/settings/sequence-form-dialog.tsx(66,8): error TS2322: Type 'StepDraft | undefined' is not assignable to type 'StepDraft'.
  Type 'undefined' is not assignable to type 'StepDraft'.
src/components/settings/sequence-form-dialog.tsx(66,20): error TS2322: Type 'StepDraft | undefined' is not assignable to type 'StepDraft'.
  Type 'undefined' is not assignable to type 'StepDraft'.
src/lib/actions/email-compose.ts(56,42): error TS2339: Property 'name' does not exist on type 'SelectQueryError<"column 'country' does not exist on 'parties'.">'.
src/lib/actions/email-compose.ts(57,45): error TS2339: Property 'country' does not exist on type 'SelectQueryError<"column 'country' does not exist on 'parties'.">'.
src/lib/actions/email-compose.ts(58,45): error TS2339: Property 'website' does not exist on type 'SelectQueryError<"column 'country' does not exist on 'parties'.">'.
src/lib/actions/email-compose.ts(68,13): error TS2769: No overload matches this call.
  Overload 1 of 2, '(relation: "users" | "organizations" | "engagements" | "parties" | "calendar_connections" | "meetings" | "calendar_events" | "communications" | "custom_field_definitions" | "products" | ... 61 more ... | "user_roles"): PostgrestQueryBuilder<...>', gave the following error.
    Argument of type '"party_contacts"' is not assignable to parameter of type '"users" | "organizations" | "engagements" | "parties" | "calendar_connections" | "meetings" | "calendar_events" | "communications" | "custom_field_definitions" | "products" | ... 61 more ... | "user_roles"'.
  Overload 2 of 2, '(relation: "contacts" | "v_filler_suppliers" | "v_investor_outreach_list" | "v_investor_with_partners" | "v_paper_mills" | "v_engagement_events" | "v_engagement_participants" | ... 7 more ... | "v_person_engagement_participation"): PostgrestQueryBuilder<...>', gave the following error.
    Argument of type '"party_contacts"' is not assignable to parameter of type '"contacts" | "v_filler_suppliers" | "v_investor_outreach_list" | "v_investor_with_partners" | "v_paper_mills" | "v_engagement_events" | "v_engagement_participants" | "v_firm_alumni" | ... 6 more ... | "v_person_engagement_participation"'.
src/lib/actions/email-compose.ts(70,11): error TS2345: Argument of type '"party_id"' is not assignable to parameter of type 'never'.
src/lib/actions/email-compose.ts(71,11): error TS2345: Argument of type '"is_primary"' is not assignable to parameter of type 'never'.
src/lib/actions/email-compose.ts(73,34): error TS2339: Property 'contact_id' does not exist on type 'SelectQueryError<"column 'contact_id' does not exist on 'users'."> | SelectQueryError<"column 'contact_id' does not exist on 'organizations'."> | ... 69 more ... | SelectQueryError<...>'.
  Property 'contact_id' does not exist on type 'SelectQueryError<"column 'contact_id' does not exist on 'users'.">'.
src/lib/actions/email-compose.ts(112,11): error TS2769: No overload matches this call.
  Overload 1 of 2, '(relation: "users" | "organizations" | "engagements" | "parties" | "calendar_connections" | "meetings" | "calendar_events" | "communications" | "custom_field_definitions" | "products" | ... 61 more ... | "user_roles"): PostgrestQueryBuilder<...>', gave the following error.
    Argument of type '"email_signatures"' is not assignable to parameter of type '"users" | "organizations" | "engagements" | "parties" | "calendar_connections" | "meetings" | "calendar_events" | "communications" | "custom_field_definitions" | "products" | ... 61 more ... | "user_roles"'.
  Overload 2 of 2, '(relation: "contacts" | "v_filler_suppliers" | "v_investor_outreach_list" | "v_investor_with_partners" | "v_paper_mills" | "v_engagement_events" | "v_engagement_participants" | ... 7 more ... | "v_person_engagement_participation"): PostgrestQueryBuilder<...>', gave the following error.
    Argument of type '"email_signatures"' is not assignable to parameter of type '"contacts" | "v_filler_suppliers" | "v_investor_outreach_list" | "v_investor_with_partners" | "v_paper_mills" | "v_engagement_events" | "v_engagement_participants" | "v_firm_alumni" | ... 6 more ... | "v_person_engagement_participation"'.
src/lib/actions/email-compose.ts(114,9): error TS2345: Argument of type '"organization_id"' is not assignable to parameter of type 'never'.
src/lib/actions/email-compose.ts(115,9): error TS2345: Argument of type '"is_default"' is not assignable to parameter of type 'never'.
src/lib/actions/email-compose.ts(117,16): error TS2339: Property 'html_content' does not exist on type 'SelectQueryError<"column 'html_content' does not exist on 'users'."> | SelectQueryError<"column 'html_content' does not exist on 'organizations'."> | ... 69 more ... | SelectQueryError<...>'.
  Property 'html_content' does not exist on type 'SelectQueryError<"column 'html_content' does not exist on 'users'.">'.
src/lib/actions/email-compose.ts(186,11): error TS2769: No overload matches this call.
  Overload 1 of 2, '(relation: "users" | "organizations" | "engagements" | "parties" | "calendar_connections" | "meetings" | "calendar_events" | "communications" | "custom_field_definitions" | "products" | ... 61 more ... | "user_roles"): PostgrestQueryBuilder<...>', gave the following error.
    Argument of type '"org_members"' is not assignable to parameter of type '"users" | "organizations" | "engagements" | "parties" | "calendar_connections" | "meetings" | "calendar_events" | "communications" | "custom_field_definitions" | "products" | ... 61 more ... | "user_roles"'.
  Overload 2 of 2, '(relation: "contacts" | "v_filler_suppliers" | "v_investor_outreach_list" | "v_investor_with_partners" | "v_paper_mills" | "v_engagement_events" | "v_engagement_participants" | ... 7 more ... | "v_person_engagement_participation"): PostgrestQueryBuilder<...>', gave the following error.
    Argument of type '"org_members"' is not assignable to parameter of type '"contacts" | "v_filler_suppliers" | "v_investor_outreach_list" | "v_investor_with_partners" | "v_paper_mills" | "v_engagement_events" | "v_engagement_participants" | "v_firm_alumni" | ... 6 more ... | "v_person_engagement_participation"'.
src/lib/actions/email-compose.ts(188,9): error TS2345: Argument of type '"user_id"' is not assignable to parameter of type 'never'.
src/lib/actions/email-compose.ts(192,24): error TS2339: Property 'organization_id' does not exist on type 'SelectQueryError<"column 'organization_id' does not exist on 'users'."> | SelectQueryError<"column 'organization_id' does not exist on 'organizations'."> | ... 69 more ... | SelectQueryError<...>'.
  Property 'organization_id' does not exist on type 'SelectQueryError<"column 'organization_id' does not exist on 'users'.">'.
src/lib/actions/email-compose.ts(221,9): error TS2345: Argument of type 'string | null' is not assignable to parameter of type 'string'.
  Type 'null' is not assignable to type 'string'.
src/lib/actions/email-compose.ts(290,7): error TS2322: Type 'string' is not assignable to type 'never'.
src/lib/actions/email-compose.ts(294,7): error TS2322: Type 'string[]' is not assignable to type 'never'.
src/lib/actions/email-compose.ts(337,29): error TS2339: Property 'body_plain' does not exist on type 'SelectQueryError<"column 'to_address' does not exist on 'communications'.">'.
src/lib/actions/email-compose.ts(337,48): error TS2339: Property 'body_html' does not exist on type 'SelectQueryError<"column 'to_address' does not exist on 'communications'.">'.
src/lib/actions/email-compose.ts(350,12): error TS2339: Property 'from_address' does not exist on type 'SelectQueryError<"column 'to_address' does not exist on 'communications'.">'.
src/lib/actions/email-compose.ts(351,12): error TS2339: Property 'subject' does not exist on type 'SelectQueryError<"column 'to_address' does not exist on 'communications'.">'.
src/lib/actions/email-compose.ts(392,11): error TS2769: No overload matches this call.
  Overload 1 of 2, '(relation: "users" | "organizations" | "engagements" | "parties" | "calendar_connections" | "meetings" | "calendar_events" | "communications" | "custom_field_definitions" | "products" | ... 61 more ... | "user_roles"): PostgrestQueryBuilder<...>', gave the following error.
    Argument of type '"org_members"' is not assignable to parameter of type '"users" | "organizations" | "engagements" | "parties" | "calendar_connections" | "meetings" | "calendar_events" | "communications" | "custom_field_definitions" | "products" | ... 61 more ... | "user_roles"'.
  Overload 2 of 2, '(relation: "contacts" | "v_filler_suppliers" | "v_investor_outreach_list" | "v_investor_with_partners" | "v_paper_mills" | "v_engagement_events" | "v_engagement_participants" | ... 7 more ... | "v_person_engagement_participation"): PostgrestQueryBuilder<...>', gave the following error.
    Argument of type '"org_members"' is not assignable to parameter of type '"contacts" | "v_filler_suppliers" | "v_investor_outreach_list" | "v_investor_with_partners" | "v_paper_mills" | "v_engagement_events" | "v_engagement_participants" | "v_firm_alumni" | ... 6 more ... | "v_person_engagement_participation"'.
src/lib/actions/email-compose.ts(394,9): error TS2345: Argument of type '"user_id"' is not assignable to parameter of type 'never'.
src/lib/actions/email-compose.ts(401,13): error TS2769: No overload matches this call.
  Overload 1 of 2, '(relation: "users" | "organizations" | "engagements" | "parties" | "calendar_connections" | "meetings" | "calendar_events" | "communications" | "custom_field_definitions" | "products" | ... 61 more ... | "user_roles"): PostgrestQueryBuilder<...>', gave the following error.
    Argument of type '"email_signatures"' is not assignable to parameter of type '"users" | "organizations" | "engagements" | "parties" | "calendar_connections" | "meetings" | "calendar_events" | "communications" | "custom_field_definitions" | "products" | ... 61 more ... | "user_roles"'.
  Overload 2 of 2, '(relation: "contacts" | "v_filler_suppliers" | "v_investor_outreach_list" | "v_investor_with_partners" | "v_paper_mills" | "v_engagement_events" | "v_engagement_participants" | ... 7 more ... | "v_person_engagement_participation"): PostgrestQueryBuilder<...>', gave the following error.
    Argument of type '"email_signatures"' is not assignable to parameter of type '"contacts" | "v_filler_suppliers" | "v_investor_outreach_list" | "v_investor_with_partners" | "v_paper_mills" | "v_engagement_events" | "v_engagement_participants" | "v_firm_alumni" | ... 6 more ... | "v_person_engagement_participation"'.
src/lib/actions/email-compose.ts(402,17): error TS2322: Type 'false' is not assignable to type 'never'.
src/lib/actions/email-compose.ts(403,11): error TS2345: Argument of type '"organization_id"' is not assignable to parameter of type 'never'.
src/lib/actions/email-compose.ts(403,37): error TS2339: Property 'organization_id' does not exist on type 'SelectQueryError<"column 'organization_id' does not exist on 'users'."> | SelectQueryError<"column 'organization_id' does not exist on 'organizations'."> | ... 69 more ... | SelectQueryError<...>'.
  Property 'organization_id' does not exist on type 'SelectQueryError<"column 'organization_id' does not exist on 'users'.">'.
src/lib/actions/email-compose.ts(404,11): error TS2345: Argument of type '"is_default"' is not assignable to parameter of type 'never'.
src/lib/actions/email-compose.ts(409,13): error TS2769: No overload matches this call.
  Overload 1 of 2, '(relation: "users" | "organizations" | "engagements" | "parties" | "calendar_connections" | "meetings" | "calendar_events" | "communications" | "custom_field_definitions" | "products" | ... 61 more ... | "user_roles"): PostgrestQueryBuilder<...>', gave the following error.
    Argument of type '"email_signatures"' is not assignable to parameter of type '"users" | "organizations" | "engagements" | "parties" | "calendar_connections" | "meetings" | "calendar_events" | "communications" | "custom_field_definitions" | "products" | ... 61 more ... | "user_roles"'.
  Overload 2 of 2, '(relation: "contacts" | "v_filler_suppliers" | "v_investor_outreach_list" | "v_investor_with_partners" | "v_paper_mills" | "v_engagement_events" | "v_engagement_participants" | ... 7 more ... | "v_person_engagement_participation"): PostgrestQueryBuilder<...>', gave the following error.
    Argument of type '"email_signatures"' is not assignable to parameter of type '"contacts" | "v_filler_suppliers" | "v_investor_outreach_list" | "v_investor_with_partners" | "v_paper_mills" | "v_engagement_events" | "v_engagement_participants" | "v_firm_alumni" | ... 6 more ... | "v_person_engagement_participation"'.
src/lib/actions/email-compose.ts(411,9): error TS2322: Type 'string' is not assignable to type 'never'.
src/lib/actions/email-compose.ts(412,9): error TS2322: Type 'string' is not assignable to type 'never'.
src/lib/actions/email-compose.ts(413,9): error TS2322: Type 'boolean' is not assignable to type 'never'.
src/lib/actions/email-compose.ts(415,11): error TS2345: Argument of type '"id"' is not assignable to parameter of type 'never'.
src/lib/actions/email-compose.ts(416,11): error TS2345: Argument of type '"organization_id"' is not assignable to parameter of type 'never'.
src/lib/actions/email-compose.ts(416,37): error TS2339: Property 'organization_id' does not exist on type 'SelectQueryError<"column 'organization_id' does not exist on 'users'."> | SelectQueryError<"column 'organization_id' does not exist on 'organizations'."> | ... 69 more ... | SelectQueryError<...>'.
  Property 'organization_id' does not exist on type 'SelectQueryError<"column 'organization_id' does not exist on 'users'.">'.
src/lib/actions/email-compose.ts(419,43): error TS2769: No overload matches this call.
  Overload 1 of 2, '(relation: "users" | "organizations" | "engagements" | "parties" | "calendar_connections" | "meetings" | "calendar_events" | "communications" | "custom_field_definitions" | "products" | ... 61 more ... | "user_roles"): PostgrestQueryBuilder<...>', gave the following error.
    Argument of type '"email_signatures"' is not assignable to parameter of type '"users" | "organizations" | "engagements" | "parties" | "calendar_connections" | "meetings" | "calendar_events" | "communications" | "custom_field_definitions" | "products" | ... 61 more ... | "user_roles"'.
  Overload 2 of 2, '(relation: "contacts" | "v_filler_suppliers" | "v_investor_outreach_list" | "v_investor_with_partners" | "v_paper_mills" | "v_engagement_events" | "v_engagement_participants" | ... 7 more ... | "v_person_engagement_participation"): PostgrestQueryBuilder<...>', gave the following error.
    Argument of type '"email_signatures"' is not assignable to parameter of type '"contacts" | "v_filler_suppliers" | "v_investor_outreach_list" | "v_investor_with_partners" | "v_paper_mills" | "v_engagement_events" | "v_engagement_participants" | "v_firm_alumni" | ... 6 more ... | "v_person_engagement_participation"'.
src/lib/actions/email-compose.ts(420,7): error TS2322: Type 'any' is not assignable to type 'never'.
src/lib/actions/email-compose.ts(420,31): error TS2339: Property 'organization_id' does not exist on type 'SelectQueryError<"column 'organization_id' does not exist on 'users'."> | SelectQueryError<"column 'organization_id' does not exist on 'organizations'."> | ... 69 more ... | SelectQueryError<...>'.
  Property 'organization_id' does not exist on type 'SelectQueryError<"column 'organization_id' does not exist on 'users'.">'.
src/lib/actions/email-compose.ts(421,7): error TS2322: Type 'string' is not assignable to type 'never'.
src/lib/actions/email-compose.ts(422,7): error TS2322: Type 'string' is not assignable to type 'never'.
src/lib/actions/email-compose.ts(423,7): error TS2322: Type 'boolean' is not assignable to type 'never'.
src/lib/actions/email-compose.ts(437,11): error TS2769: No overload matches this call.
  Overload 1 of 2, '(relation: "users" | "organizations" | "engagements" | "parties" | "calendar_connections" | "meetings" | "calendar_events" | "communications" | "custom_field_definitions" | "products" | ... 61 more ... | "user_roles"): PostgrestQueryBuilder<...>', gave the following error.
    Argument of type '"email_signatures"' is not assignable to parameter of type '"users" | "organizations" | "engagements" | "parties" | "calendar_connections" | "meetings" | "calendar_events" | "communications" | "custom_field_definitions" | "products" | ... 61 more ... | "user_roles"'.
  Overload 2 of 2, '(relation: "contacts" | "v_filler_suppliers" | "v_investor_outreach_list" | "v_investor_with_partners" | "v_paper_mills" | "v_engagement_events" | "v_engagement_participants" | ... 7 more ... | "v_person_engagement_participation"): PostgrestQueryBuilder<...>', gave the following error.
    Argument of type '"email_signatures"' is not assignable to parameter of type '"contacts" | "v_filler_suppliers" | "v_investor_outreach_list" | "v_investor_with_partners" | "v_paper_mills" | "v_engagement_events" | "v_engagement_participants" | "v_firm_alumni" | ... 6 more ... | "v_person_engagement_participation"'.
src/lib/actions/email-compose.ts(439,9): error TS2345: Argument of type '"id"' is not assignable to parameter of type 'never'.
src/lib/actions/email-compose.ts(455,11): error TS2769: No overload matches this call.
  Overload 1 of 2, '(relation: "users" | "organizations" | "engagements" | "parties" | "calendar_connections" | "meetings" | "calendar_events" | "communications" | "custom_field_definitions" | "products" | ... 61 more ... | "user_roles"): PostgrestQueryBuilder<...>', gave the following error.
    Argument of type '"org_members"' is not assignable to parameter of type '"users" | "organizations" | "engagements" | "parties" | "calendar_connections" | "meetings" | "calendar_events" | "communications" | "custom_field_definitions" | "products" | ... 61 more ... | "user_roles"'.
  Overload 2 of 2, '(relation: "contacts" | "v_filler_suppliers" | "v_investor_outreach_list" | "v_investor_with_partners" | "v_paper_mills" | "v_engagement_events" | "v_engagement_participants" | ... 7 more ... | "v_person_engagement_participation"): PostgrestQueryBuilder<...>', gave the following error.
    Argument of type '"org_members"' is not assignable to parameter of type '"contacts" | "v_filler_suppliers" | "v_investor_outreach_list" | "v_investor_with_partners" | "v_paper_mills" | "v_engagement_events" | "v_engagement_participants" | "v_firm_alumni" | ... 6 more ... | "v_person_engagement_participation"'.
src/lib/actions/email-compose.ts(457,9): error TS2345: Argument of type '"user_id"' is not assignable to parameter of type 'never'.
src/lib/actions/email-compose.ts(462,11): error TS2769: No overload matches this call.
  Overload 1 of 2, '(relation: "users" | "organizations" | "engagements" | "parties" | "calendar_connections" | "meetings" | "calendar_events" | "communications" | "custom_field_definitions" | "products" | ... 61 more ... | "user_roles"): PostgrestQueryBuilder<...>', gave the following error.
    Argument of type '"email_signatures"' is not assignable to parameter of type '"users" | "organizations" | "engagements" | "parties" | "calendar_connections" | "meetings" | "calendar_events" | "communications" | "custom_field_definitions" | "products" | ... 61 more ... | "user_roles"'.
  Overload 2 of 2, '(relation: "contacts" | "v_filler_suppliers" | "v_investor_outreach_list" | "v_investor_with_partners" | "v_paper_mills" | "v_engagement_events" | "v_engagement_participants" | ... 7 more ... | "v_person_engagement_participation"): PostgrestQueryBuilder<...>', gave the following error.
    Argument of type '"email_signatures"' is not assignable to parameter of type '"contacts" | "v_filler_suppliers" | "v_investor_outreach_list" | "v_investor_with_partners" | "v_paper_mills" | "v_engagement_events" | "v_engagement_participants" | "v_firm_alumni" | ... 6 more ... | "v_person_engagement_participation"'.
src/lib/actions/email-compose.ts(464,9): error TS2345: Argument of type '"organization_id"' is not assignable to parameter of type 'never'.
src/lib/actions/email-compose.ts(464,35): error TS2339: Property 'organization_id' does not exist on type 'SelectQueryError<"column 'organization_id' does not exist on 'users'."> | SelectQueryError<"column 'organization_id' does not exist on 'organizations'."> | ... 69 more ... | SelectQueryError<...>'.
  Property 'organization_id' does not exist on type 'SelectQueryError<"column 'organization_id' does not exist on 'users'.">'.
src/lib/actions/email-compose.ts(468,27): error TS2322: Type '(SelectQueryError<"column 'id' does not exist on 'users'."> | SelectQueryError<"column 'id' does not exist on 'organizations'."> | ... 69 more ... | SelectQueryError<...>)[]' is not assignable to type '{ id: string; name: string; html_content: string; is_default: boolean; }[]'.
  Type 'SelectQueryError<"column 'id' does not exist on 'users'."> | SelectQueryError<"column 'id' does not exist on 'organizations'."> | ... 69 more ... | SelectQueryError<...>' is not assignable to type '{ id: string; name: string; html_content: string; is_default: boolean; }'.
    Type '{ error: true; } & String' is missing the following properties from type '{ id: string; name: string; html_content: string; is_default: boolean; }': id, name, html_content, is_default
src/lib/actions/email-sequences.ts(93,5): error TS2322: Type 'string | null' is not assignable to type 'string'.
  Type 'null' is not assignable to type 'string'.
src/lib/actions/email-sequences.ts(161,18): error TS2352: Conversion of type 'string | number | boolean | { [key: string]: Json | undefined; } | Json[] | null' to type 'EmailSequenceWithSteps' may be a mistake because neither type sufficiently overlaps with the other. If this was intentional, convert the expression to 'unknown' first.
  Type 'Json[]' is missing the following properties from type 'EmailSequenceWithSteps': steps, id, organization_id, description, and 3 more.
src/lib/actions/email-sequences.ts(194,5): error TS2322: Type 'string | null' is not assignable to type 'string | undefined'.
  Type 'null' is not assignable to type 'string | undefined'.
src/lib/actions/email-sequences.ts(195,5): error TS2322: Type 'string[] | null' is not assignable to type 'string[] | undefined'.
  Type 'null' is not assignable to type 'string[] | undefined'.
src/lib/actions/email-sequences.ts(196,5): error TS2322: Type 'string | null' is not assignable to type 'string | undefined'.
  Type 'null' is not assignable to type 'string | undefined'.
src/lib/actions/email-sequences.ts(197,5): error TS2322: Type 'string | null' is not assignable to type 'string | undefined'.
  Type 'null' is not assignable to type 'string | undefined'.
src/lib/actions/email-sequences.ts(200,5): error TS2322: Type 'string | null' is not assignable to type 'string | undefined'.
  Type 'null' is not assignable to type 'string | undefined'.
src/lib/actions/email-sequences.ts(285,5): error TS2322: Type 'string | null' is not assignable to type 'string | undefined'.
  Type 'null' is not assignable to type 'string | undefined'.
src/lib/actions/email-sequences.ts(286,5): error TS2322: Type 'string[] | null' is not assignable to type 'string[] | undefined'.
  Type 'null' is not assignable to type 'string[] | undefined'.
src/lib/actions/email-sequences.ts(287,5): error TS2322: Type 'string | null' is not assignable to type 'string | undefined'.
  Type 'null' is not assignable to type 'string | undefined'.
src/lib/actions/email-sequences.ts(288,5): error TS2322: Type 'string | null' is not assignable to type 'string | undefined'.
  Type 'null' is not assignable to type 'string | undefined'.
src/lib/actions/email-sequences.ts(318,5): error TS2322: Type 'string | null' is not assignable to type 'string | undefined'.
  Type 'null' is not assignable to type 'string | undefined'.
src/lib/actions/email-sequences.ts(319,5): error TS2322: Type 'string[] | null' is not assignable to type 'string[] | undefined'.
  Type 'null' is not assignable to type 'string[] | undefined'.
src/lib/actions/email-sequences.ts(320,5): error TS2322: Type 'string | null' is not assignable to type 'string | undefined'.
  Type 'null' is not assignable to type 'string | undefined'.
src/lib/actions/email-sequences.ts(321,5): error TS2322: Type 'string | null' is not assignable to type 'string | undefined'.
  Type 'null' is not assignable to type 'string | undefined'.
src/lib/actions/email-tracking.ts(61,46): error TS2345: Argument of type '"create_email_tracking"' is not assignable to parameter of type '"compute_default_lead_score" | "create_meeting_with_host" | "current_is_owner" | "current_organization_id" | "current_preferred_language" | "current_user_id" | "decrypt_calendar_token" | ... 19 more ... | "upsert_calendar_connection"'.
src/lib/actions/email-tracking.ts(76,19): error TS2352: Conversion of type 'string' to type 'TrackingPayload' may be a mistake because neither type sufficiently overlaps with the other. If this was intentional, convert the expression to 'unknown' first.
src/lib/actions/email-whitelist.ts(7,108): error TS2345: Argument of type '"list_email_whitelist"' is not assignable to parameter of type '"compute_default_lead_score" | "create_meeting_with_host" | "current_is_owner" | "current_organization_id" | "current_preferred_language" | "current_user_id" | "decrypt_calendar_token" | ... 19 more ... | "upsert_calendar_connection"'.
src/lib/actions/email-whitelist.ts(7,156): error TS2352: Conversion of type '{ currency: string; month_start: string; open_count: number; total_value: number; weighted_value: number; }[]' to type 'WhitelistEntry[]' may be a mistake because neither type sufficiently overlaps with the other. If this was intentional, convert the expression to 'unknown' first.
  Type '{ currency: string; month_start: string; open_count: number; total_value: number; weighted_value: number; }' is missing the following properties from type 'WhitelistEntry': id, pattern, kind, notes, and 2 more.
src/lib/actions/email-whitelist.ts(8,117): error TS2345: Argument of type '"get_unregistered_party_domains"' is not assignable to parameter of type '"compute_default_lead_score" | "create_meeting_with_host" | "current_is_owner" | "current_organization_id" | "current_preferred_language" | "current_user_id" | "decrypt_calendar_token" | ... 19 more ... | "upsert_calendar_connection"'.
src/lib/actions/email-whitelist.ts(8,175): error TS2352: Conversion of type '{ currency: string; month_start: string; open_count: number; total_value: number; weighted_value: number; }[]' to type 'UnregisteredDomain[]' may be a mistake because neither type sufficiently overlaps with the other. If this was intentional, convert the expression to 'unknown' first.
  Type '{ currency: string; month_start: string; open_count: number; total_value: number; weighted_value: number; }' is missing the following properties from type 'UnregisteredDomain': domain, party_names, contact_count
src/lib/actions/email-whitelist.ts(9,431): error TS2345: Argument of type '"add_email_whitelist"' is not assignable to parameter of type '"compute_default_lead_score" | "create_meeting_with_host" | "current_is_owner" | "current_organization_id" | "current_preferred_language" | "current_user_id" | "decrypt_calendar_token" | ... 19 more ... | "upsert_calendar_connection"'.
src/lib/actions/email-whitelist.ts(10,235): error TS2345: Argument of type '"add_email_whitelist"' is not assignable to parameter of type '"compute_default_lead_score" | "create_meeting_with_host" | "current_is_owner" | "current_organization_id" | "current_preferred_language" | "current_user_id" | "decrypt_calendar_token" | ... 19 more ... | "upsert_calendar_connection"'.
src/lib/actions/email-whitelist.ts(11,127): error TS2345: Argument of type '"toggle_email_whitelist"' is not assignable to parameter of type '"compute_default_lead_score" | "create_meeting_with_host" | "current_is_owner" | "current_organization_id" | "current_preferred_language" | "current_user_id" | "decrypt_calendar_token" | ... 19 more ... | "upsert_calendar_connection"'.
src/lib/actions/email-whitelist.ts(12,112): error TS2345: Argument of type '"delete_email_whitelist"' is not assignable to parameter of type '"compute_default_lead_score" | "create_meeting_with_host" | "current_is_owner" | "current_organization_id" | "current_preferred_language" | "current_user_id" | "decrypt_calendar_token" | ... 19 more ... | "upsert_calendar_connection"'.
src/lib/actions/pipeline-stages.ts(45,7): error TS2353: Object literal may only specify known properties, and 'organization_id' does not exist in type 'never[]'.
src/lib/actions/pipeline-stages.ts(77,13): error TS2345: Argument of type '{ code: string; name: string; description: string | null; stage_type: string; sort_order: number; default_probability_pct: number; is_terminal: boolean; is_won: boolean; is_lost: boolean; color_hex: string; }' is not assignable to parameter of type 'never'.
src/lib/actions/pipeline-stages.ts(109,13): error TS2345: Argument of type '{ deleted_at: string; }' is not assignable to parameter of type 'never'.
src/lib/calendar/sync-engine.ts(259,21): error TS18048: 'conn' is possibly 'undefined'.
src/lib/calendar/sync-engine.ts(264,21): error TS18048: 'conn' is possibly 'undefined'.
src/lib/calendar/sync-engine.ts(265,21): error TS18048: 'conn' is possibly 'undefined'.
src/lib/calendar/sync-engine.ts(266,21): error TS18048: 'conn' is possibly 'undefined'.
src/lib/queries/communications.ts(19,5): error TS2345: Argument of type '"get_party_communications_timeline"' is not assignable to parameter of type '"compute_default_lead_score" | "create_meeting_with_host" | "current_is_owner" | "current_organization_id" | "current_preferred_language" | "current_user_id" | "decrypt_calendar_token" | ... 19 more ... | "upsert_calendar_connection"'.
src/lib/queries/communications.ts(35,5): error TS2345: Argument of type '"get_contact_communications_timeline"' is not assignable to parameter of type '"compute_default_lead_score" | "create_meeting_with_host" | "current_is_owner" | "current_organization_id" | "current_preferred_language" | "current_user_id" | "decrypt_calendar_token" | ... 19 more ... | "upsert_calendar_connection"'.
src/lib/queries/communications.ts(42,10): error TS2352: Conversion of type 'string | number | boolean | { country_code: string; id: string; match_kind: string; module: "crowdfunding" | "investor" | "paper_mill" | "partner" | "customer" | "product_launch" | ... 4 more ... | "buyer"; name: string; parent_party_id: string; party_type: "government" | ... 3 more ... | "fund"; similarity_score: n...' to type 'CommunicationTimelineItem[]' may be a mistake because neither type sufficiently overlaps with the other. If this was intentional, convert the expression to 'unknown' first.
  Type '{ event_id: string; payload: Json; }[]' is not comparable to type 'CommunicationTimelineItem[]'.
    Type '{ event_id: string; payload: Json; }' is missing the following properties from type 'CommunicationTimelineItem': id, thread_id, in_reply_to, message_id, and 23 more.
src/lib/queries/communications.ts(50,5): error TS2345: Argument of type '"get_communications_stats_per_party"' is not assignable to parameter of type '"compute_default_lead_score" | "create_meeting_with_host" | "current_is_owner" | "current_organization_id" | "current_preferred_language" | "current_user_id" | "decrypt_calendar_token" | ... 19 more ... | "upsert_calendar_connection"'.
src/lib/queries/communications.ts(57,16): error TS7053: Element implicitly has an 'any' type because expression of type '0' can't be used to index type 'Number'.
  Property '0' does not exist on type 'Number'.
src/lib/queries/communications.ts(72,46): error TS2345: Argument of type '"get_thread_context"' is not assignable to parameter of type '"compute_default_lead_score" | "create_meeting_with_host" | "current_is_owner" | "current_organization_id" | "current_preferred_language" | "current_user_id" | "decrypt_calendar_token" | ... 19 more ... | "upsert_calendar_connection"'.
src/lib/queries/communications.ts(79,10): error TS2352: Conversion of type 'string | number | boolean | { country_code: string; id: string; match_kind: string; module: "crowdfunding" | "investor" | "paper_mill" | "partner" | "customer" | "product_launch" | ... 4 more ... | "buyer"; name: string; parent_party_id: string; party_type: "government" | ... 3 more ... | "fund"; similarity_score: n...' to type 'ThreadContext' may be a mistake because neither type sufficiently overlaps with the other. If this was intentional, convert the expression to 'unknown' first.
  Type '{ event_id: string; payload: Json; }[]' is missing the following properties from type 'ThreadContext': thread, party, contact
src/lib/queries/communications.ts(87,46): error TS2345: Argument of type '"list_templates_for_compose"' is not assignable to parameter of type '"compute_default_lead_score" | "create_meeting_with_host" | "current_is_owner" | "current_organization_id" | "current_preferred_language" | "current_user_id" | "decrypt_calendar_token" | ... 19 more ... | "upsert_calendar_connection"'.
src/lib/queries/email-history.ts(28,46): error TS2345: Argument of type '"get_email_history"' is not assignable to parameter of type '"compute_default_lead_score" | "create_meeting_with_host" | "current_is_owner" | "current_organization_id" | "current_preferred_language" | "current_user_id" | "decrypt_calendar_token" | ... 19 more ... | "upsert_calendar_connection"'.
src/lib/queries/email-history.ts(34,10): error TS2352: Conversion of type 'string' to type 'EmailHistoryRow[]' may be a mistake because neither type sufficiently overlaps with the other. If this was intentional, convert the expression to 'unknown' first.
src/lib/queries/email-history.ts(39,46): error TS2345: Argument of type '"count_email_history"' is not assignable to parameter of type '"compute_default_lead_score" | "create_meeting_with_host" | "current_is_owner" | "current_organization_id" | "current_preferred_language" | "current_user_id" | "decrypt_calendar_token" | ... 19 more ... | "upsert_calendar_connection"'.
src/lib/queries/email-sequences.ts(12,46): error TS2345: Argument of type '"list_sequences"' is not assignable to parameter of type '"compute_default_lead_score" | "create_meeting_with_host" | "current_is_owner" | "current_organization_id" | "current_preferred_language" | "current_user_id" | "decrypt_calendar_token" | ... 19 more ... | "upsert_calendar_connection"'.
src/lib/queries/email-sequences.ts(16,10): error TS2352: Conversion of type 'boolean' to type 'EmailSequence[]' may be a mistake because neither type sufficiently overlaps with the other. If this was intentional, convert the expression to 'unknown' first.
src/lib/queries/email-sequences.ts(24,46): error TS2345: Argument of type '"get_sequence_with_steps"' is not assignable to parameter of type '"compute_default_lead_score" | "create_meeting_with_host" | "current_is_owner" | "current_organization_id" | "current_preferred_language" | "current_user_id" | "decrypt_calendar_token" | ... 19 more ... | "upsert_calendar_connection"'.
src/lib/queries/email-sequences.ts(28,11): error TS2352: Conversion of type 'string | number | boolean | { country_code: string; id: string; match_kind: string; module: "crowdfunding" | "investor" | "paper_mill" | "partner" | "customer" | "product_launch" | ... 4 more ... | "buyer"; name: string; parent_party_id: string; party_type: "government" | ... 3 more ... | "fund"; similarity_score: n...' to type 'EmailSequenceWithSteps' may be a mistake because neither type sufficiently overlaps with the other. If this was intentional, convert the expression to 'unknown' first.
  Type '{ event_id: string; payload: Json; }[]' is missing the following properties from type 'EmailSequenceWithSteps': steps, id, organization_id, description, and 3 more.
src/lib/queries/email-sequences.ts(36,46): error TS2345: Argument of type '"get_party_enrollments"' is not assignable to parameter of type '"compute_default_lead_score" | "create_meeting_with_host" | "current_is_owner" | "current_organization_id" | "current_preferred_language" | "current_user_id" | "decrypt_calendar_token" | ... 19 more ... | "upsert_calendar_connection"'.
src/lib/queries/email-sequences.ts(40,10): error TS2352: Conversion of type 'number' to type 'PartyEnrollmentSummary[]' may be a mistake because neither type sufficiently overlaps with the other. If this was intentional, convert the expression to 'unknown' first.
src/lib/queries/email-signatures.ts(16,33): error TS2589: Type instantiation is excessively deep and possibly infinite.
src/lib/queries/email-signatures.ts(17,11): error TS2769: No overload matches this call.
  Overload 1 of 2, '(relation: "users" | "organizations" | "engagements" | "parties" | "calendar_connections" | "meetings" | "calendar_events" | "communications" | "custom_field_definitions" | "products" | ... 61 more ... | "user_roles"): PostgrestQueryBuilder<...>', gave the following error.
    Argument of type '"email_signatures"' is not assignable to parameter of type '"users" | "organizations" | "engagements" | "parties" | "calendar_connections" | "meetings" | "calendar_events" | "communications" | "custom_field_definitions" | "products" | ... 61 more ... | "user_roles"'.
  Overload 2 of 2, '(relation: "contacts" | "v_filler_suppliers" | "v_investor_outreach_list" | "v_investor_with_partners" | "v_paper_mills" | "v_engagement_events" | "v_engagement_participants" | ... 7 more ... | "v_person_engagement_participation"): PostgrestQueryBuilder<...>', gave the following error.
    Argument of type '"email_signatures"' is not assignable to parameter of type '"contacts" | "v_filler_suppliers" | "v_investor_outreach_list" | "v_investor_with_partners" | "v_paper_mills" | "v_engagement_events" | "v_engagement_participants" | "v_firm_alumni" | ... 6 more ... | "v_person_engagement_participation"'.
src/lib/queries/email-signatures.ts(17,46): error TS2345: Argument of type '"organization_id"' is not assignable to parameter of type 'never'.
src/lib/queries/email-signatures.ts(20,3): error TS2322: Type 'ResultOne[]' is not assignable to type 'EmailSignature[]'.
  Type 'ResultOne' is not assignable to type 'EmailSignature'.
src/lib/queries/email-signatures.ts(26,11): error TS2769: No overload matches this call.
  Overload 1 of 2, '(relation: "users" | "organizations" | "engagements" | "parties" | "calendar_connections" | "meetings" | "calendar_events" | "communications" | "custom_field_definitions" | "products" | ... 61 more ... | "user_roles"): PostgrestQueryBuilder<...>', gave the following error.
    Argument of type '"email_signatures"' is not assignable to parameter of type '"users" | "organizations" | "engagements" | "parties" | "calendar_connections" | "meetings" | "calendar_events" | "communications" | "custom_field_definitions" | "products" | ... 61 more ... | "user_roles"'.
  Overload 2 of 2, '(relation: "contacts" | "v_filler_suppliers" | "v_investor_outreach_list" | "v_investor_with_partners" | "v_paper_mills" | "v_engagement_events" | "v_engagement_participants" | ... 7 more ... | "v_person_engagement_participation"): PostgrestQueryBuilder<...>', gave the following error.
    Argument of type '"email_signatures"' is not assignable to parameter of type '"contacts" | "v_filler_suppliers" | "v_investor_outreach_list" | "v_investor_with_partners" | "v_paper_mills" | "v_engagement_events" | "v_engagement_participants" | "v_firm_alumni" | ... 6 more ... | "v_person_engagement_participation"'.
src/lib/queries/email-signatures.ts(27,9): error TS2345: Argument of type '"organization_id"' is not assignable to parameter of type 'never'.
src/lib/queries/email-signatures.ts(27,38): error TS2345: Argument of type '"is_default"' is not assignable to parameter of type 'never'.
src/lib/queries/email-signatures.ts(28,3): error TS2322: Type 'ResultOne | null' is not assignable to type 'EmailSignature | null'.
  Type 'ResultOne' is not assignable to type 'EmailSignature | null'.
    Type 'ResultOne' is not assignable to type 'EmailSignature'.
src/lib/queries/email-signatures.ts(36,11): error TS2769: No overload matches this call.
  Overload 1 of 2, '(relation: "users" | "organizations" | "engagements" | "parties" | "calendar_connections" | "meetings" | "calendar_events" | "communications" | "custom_field_definitions" | "products" | ... 61 more ... | "user_roles"): PostgrestQueryBuilder<...>', gave the following error.
    Argument of type '"email_signatures"' is not assignable to parameter of type '"users" | "organizations" | "engagements" | "parties" | "calendar_connections" | "meetings" | "calendar_events" | "communications" | "custom_field_definitions" | "products" | ... 61 more ... | "user_roles"'.
  Overload 2 of 2, '(relation: "contacts" | "v_filler_suppliers" | "v_investor_outreach_list" | "v_investor_with_partners" | "v_paper_mills" | "v_engagement_events" | "v_engagement_participants" | ... 7 more ... | "v_person_engagement_participation"): PostgrestQueryBuilder<...>', gave the following error.
    Argument of type '"email_signatures"' is not assignable to parameter of type '"contacts" | "v_filler_suppliers" | "v_investor_outreach_list" | "v_investor_with_partners" | "v_paper_mills" | "v_engagement_events" | "v_engagement_participants" | "v_firm_alumni" | ... 6 more ... | "v_person_engagement_participation"'.
src/lib/queries/email-signatures.ts(36,38): error TS2345: Argument of type 'Partial<EmailSignature> & { organization_id: string; }' is not assignable to parameter of type 'RejectExcessProperties<{ content_hash_sha256?: string | null | undefined; deleted_at?: string | null | undefined; description?: string | null | undefined; entity_id: string; entity_type: string; expires_at?: string | ... 1 more ... | undefined; ... 12 more ...; virus_scan_status?: string | ... 1 more ... | undefined...'.
  Type 'Partial<EmailSignature> & { organization_id: string; }' is not assignable to type '{ created_at?: string | undefined; created_by?: string | null | undefined; deleted_at?: string | null | undefined; description?: string | null | undefined; id?: string | undefined; ... 6 more ...; updated_by?: string | ... 1 more ... | undefined; } & {}'.
    Property 'module' is missing in type 'Partial<EmailSignature> & { organization_id: string; }' but required in type '{ created_at?: string | undefined; created_by?: string | null | undefined; deleted_at?: string | null | undefined; description?: string | null | undefined; id?: string | undefined; ... 6 more ...; updated_by?: string | ... 1 more ... | undefined; }'.
src/lib/queries/email-signatures.ts(43,41): error TS2769: No overload matches this call.
  Overload 1 of 2, '(relation: "users" | "organizations" | "engagements" | "parties" | "calendar_connections" | "meetings" | "calendar_events" | "communications" | "custom_field_definitions" | "products" | ... 61 more ... | "user_roles"): PostgrestQueryBuilder<...>', gave the following error.
    Argument of type '"email_signatures"' is not assignable to parameter of type '"users" | "organizations" | "engagements" | "parties" | "calendar_connections" | "meetings" | "calendar_events" | "communications" | "custom_field_definitions" | "products" | ... 61 more ... | "user_roles"'.
  Overload 2 of 2, '(relation: "contacts" | "v_filler_suppliers" | "v_investor_outreach_list" | "v_investor_with_partners" | "v_paper_mills" | "v_engagement_events" | "v_engagement_participants" | ... 7 more ... | "v_person_engagement_participation"): PostgrestQueryBuilder<...>', gave the following error.
    Argument of type '"email_signatures"' is not assignable to parameter of type '"contacts" | "v_filler_suppliers" | "v_investor_outreach_list" | "v_investor_with_partners" | "v_paper_mills" | "v_engagement_events" | "v_engagement_participants" | "v_firm_alumni" | ... 6 more ... | "v_person_engagement_participation"'.
src/lib/queries/email-signatures.ts(43,73): error TS2345: Argument of type '"id"' is not assignable to parameter of type 'never'.
src/lib/queries/email-signatures.ts(49,23): error TS2769: No overload matches this call.
  Overload 1 of 2, '(relation: "users" | "organizations" | "engagements" | "parties" | "calendar_connections" | "meetings" | "calendar_events" | "communications" | "custom_field_definitions" | "products" | ... 61 more ... | "user_roles"): PostgrestQueryBuilder<...>', gave the following error.
    Argument of type '"email_signatures"' is not assignable to parameter of type '"users" | "organizations" | "engagements" | "parties" | "calendar_connections" | "meetings" | "calendar_events" | "communications" | "custom_field_definitions" | "products" | ... 61 more ... | "user_roles"'.
  Overload 2 of 2, '(relation: "contacts" | "v_filler_suppliers" | "v_investor_outreach_list" | "v_investor_with_partners" | "v_paper_mills" | "v_engagement_events" | "v_engagement_participants" | ... 7 more ... | "v_person_engagement_participation"): PostgrestQueryBuilder<...>', gave the following error.
    Argument of type '"email_signatures"' is not assignable to parameter of type '"contacts" | "v_filler_suppliers" | "v_investor_outreach_list" | "v_investor_with_partners" | "v_paper_mills" | "v_engagement_events" | "v_engagement_participants" | "v_firm_alumni" | ... 6 more ... | "v_person_engagement_participation"'.
src/lib/queries/email-signatures.ts(50,15): error TS2322: Type 'false' is not assignable to type 'never'.
src/lib/queries/email-signatures.ts(50,39): error TS2345: Argument of type '"organization_id"' is not assignable to parameter of type 'never'.
src/lib/queries/email-signatures.ts(50,68): error TS2345: Argument of type '"is_default"' is not assignable to parameter of type 'never'.
src/lib/queries/email-signatures.ts(51,41): error TS2769: No overload matches this call.
  Overload 1 of 2, '(relation: "users" | "organizations" | "engagements" | "parties" | "calendar_connections" | "meetings" | "calendar_events" | "communications" | "custom_field_definitions" | "products" | ... 61 more ... | "user_roles"): PostgrestQueryBuilder<...>', gave the following error.
    Argument of type '"email_signatures"' is not assignable to parameter of type '"users" | "organizations" | "engagements" | "parties" | "calendar_connections" | "meetings" | "calendar_events" | "communications" | "custom_field_definitions" | "products" | ... 61 more ... | "user_roles"'.
  Overload 2 of 2, '(relation: "contacts" | "v_filler_suppliers" | "v_investor_outreach_list" | "v_investor_with_partners" | "v_paper_mills" | "v_engagement_events" | "v_engagement_participants" | ... 7 more ... | "v_person_engagement_participation"): PostgrestQueryBuilder<...>', gave the following error.
    Argument of type '"email_signatures"' is not assignable to parameter of type '"contacts" | "v_filler_suppliers" | "v_investor_outreach_list" | "v_investor_with_partners" | "v_paper_mills" | "v_engagement_events" | "v_engagement_participants" | "v_firm_alumni" | ... 6 more ... | "v_person_engagement_participation"'.
src/lib/queries/email-signatures.ts(52,15): error TS2322: Type 'true' is not assignable to type 'never'.
src/lib/queries/email-signatures.ts(52,38): error TS2345: Argument of type '"id"' is not assignable to parameter of type 'never'.
src/lib/queries/email-tracking.ts(32,3): error TS2322: Type '{ click_count: number; communication_id: string | null; contact_id: string | null; created_at: string; draft_id: string | null; first_opened_at: string | null; id: string; open_count: number; ... 5 more ...; subject: string | null; } | null' is not assignable to type 'EmailTracking | null'.
  Property 'organization_id' is missing in type '{ click_count: number; communication_id: string | null; contact_id: string | null; created_at: string; draft_id: string | null; first_opened_at: string | null; id: string; open_count: number; ... 5 more ...; subject: string | null; }' but required in type 'EmailTracking'.
src/lib/queries/email-tracking.ts(49,3): error TS2322: Type '{ click_count: number; communication_id: string | null; contact_id: string | null; created_at: string; draft_id: string | null; first_opened_at: string | null; id: string; open_count: number; ... 5 more ...; subject: string | null; } | null' is not assignable to type 'EmailTracking | null'.
  Property 'organization_id' is missing in type '{ click_count: number; communication_id: string | null; contact_id: string | null; created_at: string; draft_id: string | null; first_opened_at: string | null; id: string; open_count: number; ... 5 more ...; subject: string | null; }' but required in type 'EmailTracking'.
src/lib/queries/email-tracking.ts(64,3): error TS2322: Type '{ click_count: number; communication_id: string | null; contact_id: string | null; created_at: string; draft_id: string | null; first_opened_at: string | null; id: string; open_count: number; ... 5 more ...; subject: string | null; }[]' is not assignable to type 'EmailTracking[]'.
  Property 'organization_id' is missing in type '{ click_count: number; communication_id: string | null; contact_id: string | null; created_at: string; draft_id: string | null; first_opened_at: string | null; id: string; open_count: number; ... 5 more ...; subject: string | null; }' but required in type 'EmailTracking'.
src/lib/queries/email-tracking.ts(79,3): error TS2322: Type '{ created_at: string; event_type: string; id: string; ip: string | null; link_id: string | null; tracking_id: string; url: string | null; user_agent: string | null; }[]' is not assignable to type 'EmailTrackingEvent[]'.
  Type '{ created_at: string; event_type: string; id: string; ip: string | null; link_id: string | null; tracking_id: string; url: string | null; user_agent: string | null; }' is not assignable to type 'EmailTrackingEvent'.
    Types of property 'event_type' are incompatible.
      Type 'string' is not assignable to type '"open" | "click"'.
src/lib/queries/email-tracking.ts(98,5): error TS2345: Argument of type '"get_tracking_for_communications"' is not assignable to parameter of type '"compute_default_lead_score" | "create_meeting_with_host" | "current_is_owner" | "current_organization_id" | "current_preferred_language" | "current_user_id" | "decrypt_calendar_token" | ... 19 more ... | "upsert_calendar_connection"'.
src/lib/queries/email-tracking.ts(104,21): error TS2352: Conversion of type 'string | number | boolean | { country_code: string; id: string; match_kind: string; module: "crowdfunding" | "investor" | "paper_mill" | "partner" | "customer" | "product_launch" | ... 4 more ... | "buyer"; name: string; parent_party_id: string; party_type: "government" | ... 3 more ... | "fund"; similarity_score: n...' to type '{ communication_id: string; tracking_id: string; open_count: number; click_count: number; first_opened_at: string | null; sent_at: string; }[]' may be a mistake because neither type sufficiently overlaps with the other. If this was intentional, convert the expression to 'unknown' first.
  Type '{ event_id: string; payload: Json; }[]' is not comparable to type '{ communication_id: string; tracking_id: string; open_count: number; click_count: number; first_opened_at: string | null; sent_at: string; }[]'.
    Type '{ event_id: string; payload: Json; }' is missing the following properties from type '{ communication_id: string; tracking_id: string; open_count: number; click_count: number; first_opened_at: string | null; sent_at: string; }': communication_id, tracking_id, open_count, click_count, and 2 more.
src/lib/queries/email-tracking.ts(133,46): error TS2345: Argument of type '"get_tracking_for_drafts"' is not assignable to parameter of type '"compute_default_lead_score" | "create_meeting_with_host" | "current_is_owner" | "current_organization_id" | "current_preferred_language" | "current_user_id" | "decrypt_calendar_token" | ... 19 more ... | "upsert_calendar_connection"'.
src/lib/queries/email-tracking.ts(139,21): error TS2352: Conversion of type 'string | number | boolean | { country_code: string; id: string; match_kind: string; module: "crowdfunding" | "investor" | "paper_mill" | "partner" | "customer" | "product_launch" | ... 4 more ... | "buyer"; name: string; parent_party_id: string; party_type: "government" | ... 3 more ... | "fund"; similarity_score: n...' to type 'DraftTrackingSummary[]' may be a mistake because neither type sufficiently overlaps with the other. If this was intentional, convert the expression to 'unknown' first.
  Type '{ event_id: string; payload: Json; }[]' is not comparable to type 'DraftTrackingSummary[]'.
    Type '{ event_id: string; payload: Json; }' is missing the following properties from type 'DraftTrackingSummary': draft_id, tracking_id, open_count, click_count, and 2 more.
src/lib/queries/lead-score.ts(24,10): error TS2345: Argument of type '"get_lead_scores_many"' is not assignable to parameter of type '"compute_default_lead_score" | "create_meeting_with_host" | "current_is_owner" | "current_organization_id" | "current_preferred_language" | "current_user_id" | "decrypt_calendar_token" | ... 19 more ... | "upsert_calendar_connection"'.
src/lib/utils/email-tracking.ts(27,17): error TS2345: Argument of type 'string | undefined' is not assignable to parameter of type 'string'.
  Type 'undefined' is not assignable to type 'string'.
src/lib/utils/email-tracking.ts(28,8): error TS18048: 'url' is possibly 'undefined'.
src/lib/utils/email-tracking.ts(28,37): error TS18048: 'url' is possibly 'undefined'.
src/lib/utils/email-tracking.ts(29,8): error TS18048: 'url' is possibly 'undefined'.
src/lib/utils/email-tracking.ts(31,16): error TS2345: Argument of type 'string | undefined' is not assignable to parameter of type 'string'.
  Type 'undefined' is not assignable to type 'string'.
src/lib/utils/email-tracking.ts(32,20): error TS2345: Argument of type 'string | undefined' is not assignable to parameter of type 'string'.
  Type 'undefined' is not assignable to type 'string'.
src/lib/utils/merge-fields.ts(39,13): error TS2345: Argument of type 'string | undefined' is not assignable to parameter of type 'string'.
  Type 'undefined' is not assignable to type 'string'.
src/lib/utils/sequence-processor.ts(50,46): error TS2554: Expected 3 arguments, but got 2.
src/lib/utils/sequence-processor.ts(56,24): error TS2352: Conversion of type '{ contact_id: string; enrolled_at: string; enrolled_by: string; enrollment_id: string; is_last_step: boolean; next_step_order: number; organization_id: string; party_id: string; sequence_id: string; step_body_text: string; step_day_offset: number; step_id: string; step_subject: string; }[]' to type 'DueEnrollment[]' may be a mistake because neither type sufficiently overlaps with the other. If this was intentional, convert the expression to 'unknown' first.
  Type '{ contact_id: string; enrolled_at: string; enrolled_by: string; enrollment_id: string; is_last_step: boolean; next_step_order: number; organization_id: string; party_id: string; sequence_id: string; step_body_text: string; step_day_offset: number; step_id: string; step_subject: string; }' is missing the following properties from type 'DueEnrollment': step_order, step_body, step_body_html, step_template_id, and 4 more.
src/lib/utils/sequence-processor.ts(77,11): error TS2322: Type '"skipped_no_email"' is not assignable to type '"sent" | "failed" | "pending" | "skipped" | "bounced" | undefined'.
src/lib/utils/sequence-processor.ts(92,69): error TS2345: Argument of type '{ contact: { given_name: string; family_name: string; email: string; }; party: { name: string; }; }' is not assignable to parameter of type 'MergeFieldValues'.
  Property 'contact' is incompatible with index signature.
    Type '{ given_name: string; family_name: string; email: string; }' is not assignable to type 'string | number | null | undefined'.
src/lib/utils/sequence-processor.ts(93,63): error TS2345: Argument of type '{ contact: { given_name: string; family_name: string; email: string; }; party: { name: string; }; }' is not assignable to parameter of type 'MergeFieldValues'.
  Property 'contact' is incompatible with index signature.
    Type '{ given_name: string; family_name: string; email: string; }' is not assignable to type 'string | number | null | undefined'.
src/lib/utils/sequence-processor.ts(97,59): error TS2345: Argument of type '{ contact: { given_name: string; family_name: string; email: string; }; party: { name: string; }; }' is not assignable to parameter of type 'MergeFieldValues'.
  Property 'contact' is incompatible with index signature.
    Type '{ given_name: string; family_name: string; email: string; }' is not assignable to type 'string | number | null | undefined'.
src/lib/utils/sequence-processor.ts(152,51): error TS2345: Argument of type '{ p_enrollment_id: string; p_status: "failed"; }' is not assignable to parameter of type '{ p_communication_id: string; p_enrollment_id: string; p_is_last_step: boolean; p_status?: "sent" | "failed" | "pending" | "skipped" | "bounced" | undefined; p_step_id: string; p_step_order: number; }'.
  Type '{ p_enrollment_id: string; p_status: "failed"; }' is missing the following properties from type '{ p_communication_id: string; p_enrollment_id: string; p_is_last_step: boolean; p_status?: "sent" | "failed" | "pending" | "skipped" | "bounced" | undefined; p_step_id: string; p_step_order: number; }': p_communication_id, p_is_last_step, p_step_id, p_step_order
src/lib/utils/sequence-processor.ts(191,53): error TS2345: Argument of type '{ p_enrollment_id: string; p_status: "failed"; }' is not assignable to parameter of type '{ p_communication_id: string; p_enrollment_id: string; p_is_last_step: boolean; p_status?: "sent" | "failed" | "pending" | "skipped" | "bounced" | undefined; p_step_id: string; p_step_order: number; }'.
  Type '{ p_enrollment_id: string; p_status: "failed"; }' is missing the following properties from type '{ p_communication_id: string; p_enrollment_id: string; p_is_last_step: boolean; p_status?: "sent" | "failed" | "pending" | "skipped" | "bounced" | undefined; p_step_id: string; p_step_order: number; }': p_communication_id, p_is_last_step, p_step_id, p_step_order
src/lib/utils/sequence-processor.ts(217,17): error TS2345: Argument of type '{ enrollment_id: string; step_id: string; communication_id: string; sent_at: string; status: "sent"; }' is not assignable to parameter of type 'RejectExcessProperties<{ communication_id?: string | null | undefined; enrollment_id: string; id?: string | undefined; organization_id: string; sent_at?: string | undefined; status?: "sent" | "failed" | "pending" | "skipped" | "bounced" | undefined; step_id: string; step_order: number; }, { ...; }> | RejectExcessPro...'.
  Type '{ enrollment_id: string; step_id: string; communication_id: string; sent_at: string; status: "sent"; }' is not assignable to type 'RejectExcessProperties<{ communication_id?: string | null | undefined; enrollment_id: string; id?: string | undefined; organization_id: string; sent_at?: string | undefined; status?: "sent" | "failed" | "pending" | "skipped" | "bounced" | undefined; step_id: string; step_order: number; }, { ...; }>'.
    Type '{ enrollment_id: string; step_id: string; communication_id: string; sent_at: string; status: "sent"; }' is missing the following properties from type '{ communication_id?: string | null | undefined; enrollment_id: string; id?: string | undefined; organization_id: string; sent_at?: string | undefined; status?: "sent" | "failed" | "pending" | "skipped" | "bounced" | undefined; step_id: string; step_order: number; }': organization_id, step_order
src/lib/utils/sequence-processor.ts(226,49): error TS2345: Argument of type '{ p_enrollment_id: string; p_status: "sent"; }' is not assignable to parameter of type '{ p_communication_id: string; p_enrollment_id: string; p_is_last_step: boolean; p_status?: "sent" | "failed" | "pending" | "skipped" | "bounced" | undefined; p_step_id: string; p_step_order: number; }'.
  Type '{ p_enrollment_id: string; p_status: "sent"; }' is missing the following properties from type '{ p_communication_id: string; p_enrollment_id: string; p_is_last_step: boolean; p_status?: "sent" | "failed" | "pending" | "skipped" | "bounced" | undefined; p_step_id: string; p_step_order: number; }': p_communication_id, p_is_last_step, p_step_id, p_step_order
